     1                                  bits 32 ; assembling for the 32 bits architecture
     2                                  
     3                                  ; declare the EntryPoint (a label defining the very first instruction of the program)
     4                                  global start        
     5                                  
     6                                  ; declare external functions needed by our program
     7                                  extern exit               ; tell nasm that exit exists even if we won't be defining it
     8                                  import exit msvcrt.dll    ; exit is a function that ends the calling process. It is defined in msvcrt.dll
     9                                                            ; msvcrt.dll contains exit, printf and all the other important C-runtime specific functions
    10                                  
    11                                  ; our data is declared here (the variables needed by our program)
    12                                  segment data use32 class=data
    13 00000000 02                          a db 2
    14 00000001 01                          c db 1
    15 00000002 01                          b db 1
    16 00000003 01                          d db 1
    17                                  
    18                                  ; our code starts here
    19                                  segment code use32 class=code
    20                                      start:
    21                                          ; a,b,c,d - byte    16.a+13-c+d-7+b
    22 00000000 66B80000                        mov ax,0
    23 00000004 A0[00000000]                    mov al,[a]
    24 00000009 040D                            add al,13 ; al: a+13
    25 0000000B 2A05[01000000]                  sub al,[c]
    26 00000011 0205[03000000]                  add al,[d]
    27 00000017 2C07                            sub al,7
    28 00000019 0205[02000000]                  add al,[b]
    29                                          
    30                                          ; exit(0)
    31 0000001F 6A00                            push    dword 0      ; push the parameter for exit onto the stack
    32 00000021 FF15[00000000]                  call    [exit]       ; call exit to terminate the program
